
 PRINT ELEMENT TABLE ITEMS PER ELEMENT
 
  ***** POST1 ELEMENT TABLE LISTING *****                                      
 
    STAT     CURRENT      CURRENT      CURRENT 
    ELEM     ELSTRESS     AXSTRESS     BNSTRESS
       1   -72265448.  0.0000      0.19931E-008
       2   -57892212.  0.0000      0.15967E-008
       3   -45116000.  0.0000      0.12444E-008
       4   -33936812.  0.0000      0.93605E-009
       5   -24354654.  0.0000      0.67177E-009
       6   -16369522.  0.0000      0.45152E-009
       7    -9981416.  0.0000      0.27533E-009
       8    -5190336.  0.0000      0.14317E-009
       9 -0.19963E+007  0.0000      0.55071E-010
      10 -0.39926E+006  0.0000      0.11019E-010

 MINIMUM VALUES
 ELEM           1             1            10
 VALUE  -0.72265E+008  0.0000      0.11019E-010

 MAXIMUM VALUES
 ELEM          10             1             1
 VALUE  -0.39926E+006  0.0000      0.19931E-008

