
 PRINT U    NODAL SOLUTION PER NODE
 
  ***** POST1 NODAL DEGREE OF FREEDOM LISTING *****                            
 
  LOAD STEP=     1  SUBSTEP=     1                                             
   TIME=    1.0000      LOAD CASE=   0                                         
 
  THE FOLLOWING DEGREE OF FREEDOM RESULTS ARE IN THE GLOBAL COORDINATE SYSTEM  
 
    NODE       UX           UY           UZ           USUM  
       1   0.0000       0.0000       0.0000       0.0000     
       2   0.0000     -0.16296E-022-0.79440E-003 0.79440E-003
       3   0.0000     -0.62250E-022-0.28719E-002 0.28719E-002
       4   0.0000     -0.13273E-021-0.59631E-002 0.59631E-002
       5   0.0000     -0.22282E-021-0.98305E-002 0.98305E-002
       6   0.0000     -0.32790E-021-0.14268E-001 0.14268E-001
       7   0.0000     -0.44382E-021-0.19101E-001 0.19101E-001
       8   0.0000     -0.56699E-021-0.24188E-001 0.24188E-001
       9   0.0000     -0.69451E-021-0.29417E-001 0.29417E-001
      10   0.0000     -0.82421E-021-0.34709E-001 0.34709E-001
      11   0.0000     -0.95478E-021-0.40017E-001 0.40017E-001

 MAXIMUM ABSOLUTE VALUES
 NODE           0             0            11            11
 VALUE    0.0000       0.0000     -0.40017E-001 0.40017E-001

