

  *****  INDEX OF DATA SETS ON RESULTS FILE  *****

     SET   TIME/FREQ    LOAD STEP   SUBSTEP  CUMULATIVE
       1  123.16045             1         1         1                  
       2  208.01167             1         2         2                  
       3  695.43353             1         3         3                  
       4  880.56505             1         4         4                  
       5  1106.4528             1         5         5                  
       6  1192.6397             1         6         6                  
       7  1445.3209             1         7         7                  
       8  1463.8605             1         8         8                  
       9  1480.0328             1         9         9                  
      10  1510.7446             1        10        10                  
      11  1557.4788             1        11        11                  
      12  1600.0270             1        12        12                  
      13  1620.9677             1        13        13                  
      14  1702.0773             1        14        14                  
      15  1723.4092             1        15        15                  
      16  1783.7238             1        16        16                  
      17  1801.7496             1        17        17                  
      18  1920.9502             1        18        18                  
      19  1923.2325             1        19        19                  
      20  2020.5318             1        20        20                  

